Analysis & Synthesis report for 141L
Mon Mar 11 23:16:52 2013
Quartus II Version 11.0 Build 208 07/03/2011 Service Pack 1 SJ Web Edition


---------------------
; Table of Contents ;
---------------------
  1. Legal Notice
  2. Analysis & Synthesis Summary
  3. Analysis & Synthesis Settings
  4. Parallel Compilation
  5. Analysis & Synthesis Source Files Read
  6. Analysis & Synthesis Resource Usage Summary
  7. Analysis & Synthesis Resource Utilization by Entity
  8. User-Specified and Inferred Latches
  9. Registers Removed During Synthesis
 10. Removed Registers Triggering Further Register Optimizations
 11. General Register Statistics
 12. Multiplexer Restructuring Statistics (Restructuring Performed)
 13. Elapsed Time Per Partition
 14. Analysis & Synthesis Messages
 15. Analysis & Synthesis Suppressed Messages



----------------
; Legal Notice ;
----------------
Copyright (C) 1991-2011 Altera Corporation
Your use of Altera Corporation's design tools, logic functions 
and other software and tools, and its AMPP partner logic 
functions, and any output files from any of the foregoing 
(including device programming or simulation files), and any 
associated documentation or information are expressly subject 
to the terms and conditions of the Altera Program License 
Subscription Agreement, Altera MegaCore Function License 
Agreement, or other applicable license agreement, including, 
without limitation, that your use is for the sole purpose of 
programming logic devices manufactured by Altera and sold by 
Altera or its authorized distributors.  Please refer to the 
applicable agreement for further details.



+------------------------------------------------------------------------------------+
; Analysis & Synthesis Summary                                                       ;
+------------------------------------+-----------------------------------------------+
; Analysis & Synthesis Status        ; Successful - Mon Mar 11 23:16:52 2013         ;
; Quartus II Version                 ; 11.0 Build 208 07/03/2011 SP 1 SJ Web Edition ;
; Revision Name                      ; 141L                                          ;
; Top-level Entity Name              ; processor_2                                   ;
; Family                             ; Cyclone II                                    ;
; Total logic elements               ; 7,688                                         ;
;     Total combinational functions  ; 4,064                                         ;
;     Dedicated logic registers      ; 4,328                                         ;
; Total registers                    ; 4328                                          ;
; Total pins                         ; 4                                             ;
; Total virtual pins                 ; 0                                             ;
; Total memory bits                  ; 0                                             ;
; Embedded Multiplier 9-bit elements ; 0                                             ;
; Total PLLs                         ; 0                                             ;
+------------------------------------+-----------------------------------------------+


+----------------------------------------------------------------------------------------------------------------------+
; Analysis & Synthesis Settings                                                                                        ;
+----------------------------------------------------------------------------+--------------------+--------------------+
; Option                                                                     ; Setting            ; Default Value      ;
+----------------------------------------------------------------------------+--------------------+--------------------+
; Device                                                                     ; EP2C35F672C6       ;                    ;
; Top-level entity name                                                      ; processor_2        ; 141L               ;
; Family name                                                                ; Cyclone II         ; Cyclone IV GX      ;
; Synchronization Register Chain Length                                      ; 2                  ; 3                  ;
; Use smart compilation                                                      ; Off                ; Off                ;
; Enable parallel Assembler and TimeQuest Timing Analyzer during compilation ; On                 ; On                 ;
; Enable compact report table                                                ; Off                ; Off                ;
; Restructure Multiplexers                                                   ; Auto               ; Auto               ;
; Create Debugging Nodes for IP Cores                                        ; Off                ; Off                ;
; Preserve fewer node names                                                  ; On                 ; On                 ;
; Disable OpenCore Plus hardware evaluation                                  ; Off                ; Off                ;
; Verilog Version                                                            ; Verilog_2001       ; Verilog_2001       ;
; VHDL Version                                                               ; VHDL_1993          ; VHDL_1993          ;
; State Machine Processing                                                   ; Auto               ; Auto               ;
; Safe State Machine                                                         ; Off                ; Off                ;
; Extract Verilog State Machines                                             ; On                 ; On                 ;
; Extract VHDL State Machines                                                ; On                 ; On                 ;
; Ignore Verilog initial constructs                                          ; Off                ; Off                ;
; Iteration limit for constant Verilog loops                                 ; 5000               ; 5000               ;
; Iteration limit for non-constant Verilog loops                             ; 250                ; 250                ;
; Add Pass-Through Logic to Inferred RAMs                                    ; On                 ; On                 ;
; Parallel Synthesis                                                         ; On                 ; On                 ;
; DSP Block Balancing                                                        ; Auto               ; Auto               ;
; NOT Gate Push-Back                                                         ; On                 ; On                 ;
; Power-Up Don't Care                                                        ; On                 ; On                 ;
; Remove Redundant Logic Cells                                               ; Off                ; Off                ;
; Remove Duplicate Registers                                                 ; On                 ; On                 ;
; Ignore CARRY Buffers                                                       ; Off                ; Off                ;
; Ignore CASCADE Buffers                                                     ; Off                ; Off                ;
; Ignore GLOBAL Buffers                                                      ; Off                ; Off                ;
; Ignore ROW GLOBAL Buffers                                                  ; Off                ; Off                ;
; Ignore LCELL Buffers                                                       ; Off                ; Off                ;
; Ignore SOFT Buffers                                                        ; On                 ; On                 ;
; Limit AHDL Integers to 32 Bits                                             ; Off                ; Off                ;
; Optimization Technique                                                     ; Balanced           ; Balanced           ;
; Carry Chain Length                                                         ; 70                 ; 70                 ;
; Auto Carry Chains                                                          ; On                 ; On                 ;
; Auto Open-Drain Pins                                                       ; On                 ; On                 ;
; Perform WYSIWYG Primitive Resynthesis                                      ; Off                ; Off                ;
; Auto ROM Replacement                                                       ; On                 ; On                 ;
; Auto RAM Replacement                                                       ; On                 ; On                 ;
; Auto Shift Register Replacement                                            ; Auto               ; Auto               ;
; Allow Shift Register Merging across Hierarchies                            ; Auto               ; Auto               ;
; Auto Clock Enable Replacement                                              ; On                 ; On                 ;
; Strict RAM Replacement                                                     ; Off                ; Off                ;
; Allow Synchronous Control Signals                                          ; On                 ; On                 ;
; Force Use of Synchronous Clear Signals                                     ; Off                ; Off                ;
; Auto RAM to Logic Cell Conversion                                          ; Off                ; Off                ;
; Auto Resource Sharing                                                      ; Off                ; Off                ;
; Allow Any RAM Size For Recognition                                         ; Off                ; Off                ;
; Allow Any ROM Size For Recognition                                         ; Off                ; Off                ;
; Allow Any Shift Register Size For Recognition                              ; Off                ; Off                ;
; Use LogicLock Constraints during Resource Balancing                        ; On                 ; On                 ;
; Ignore translate_off and synthesis_off directives                          ; Off                ; Off                ;
; Timing-Driven Synthesis                                                    ; Off                ; Off                ;
; Report Parameter Settings                                                  ; On                 ; On                 ;
; Report Source Assignments                                                  ; On                 ; On                 ;
; Report Connectivity Checks                                                 ; On                 ; On                 ;
; Ignore Maximum Fan-Out Assignments                                         ; Off                ; Off                ;
; PowerPlay Power Optimization                                               ; Normal compilation ; Normal compilation ;
; HDL message level                                                          ; Level2             ; Level2             ;
; Suppress Register Optimization Related Messages                            ; Off                ; Off                ;
; Number of Removed Registers Reported in Synthesis Report                   ; 5000               ; 5000               ;
; Number of Inverted Registers Reported in Synthesis Report                  ; 100                ; 100                ;
; Clock MUX Protection                                                       ; On                 ; On                 ;
; Auto Gated Clock Conversion                                                ; Off                ; Off                ;
; Block Design Naming                                                        ; Auto               ; Auto               ;
; SDC constraint protection                                                  ; Off                ; Off                ;
; Synthesis Effort                                                           ; Auto               ; Auto               ;
; Shift Register Replacement - Allow Asynchronous Clear Signal               ; On                 ; On                 ;
; Analysis & Synthesis Message Level                                         ; Medium             ; Medium             ;
; Disable Register Merging Across Hierarchies                                ; Auto               ; Auto               ;
; Resource Aware Inference For Block RAM                                     ; On                 ; On                 ;
; Synthesis Seed                                                             ; 1                  ; 1                  ;
+----------------------------------------------------------------------------+--------------------+--------------------+


Parallel compilation was disabled, but you have multiple processors available. Enable parallel compilation to reduce compilation time.
+-------------------------------------+
; Parallel Compilation                ;
+----------------------------+--------+
; Processors                 ; Number ;
+----------------------------+--------+
; Number detected on machine ; 4      ;
; Maximum allowed            ; 1      ;
+----------------------------+--------+


+---------------------------------------------------------------------------------------------------------------------------------------------------------------+
; Analysis & Synthesis Source Files Read                                                                                                                        ;
+-------------------------------------------------+-----------------+------------------------------------+------------------------------------------------------+
; File Name with User-Entered Path                ; Used in Netlist ; File Type                          ; File Name with Absolute Path                         ;
+-------------------------------------------------+-----------------+------------------------------------+------------------------------------------------------+
; cycle_counter.v                                 ; yes             ; User Verilog HDL File              ; D:/Users/Jon/Documents/Homework/141L/cycle_counter.v ;
; data_ram.v                                      ; yes             ; User Verilog HDL File              ; D:/Users/Jon/Documents/Homework/141L/data_ram.v      ;
; register_file.v                                 ; yes             ; User Verilog HDL File              ; D:/Users/Jon/Documents/Homework/141L/register_file.v ;
; ALU.v                                           ; yes             ; User Verilog HDL File              ; D:/Users/Jon/Documents/Homework/141L/ALU.v           ;
; adder.v                                         ; yes             ; User Verilog HDL File              ; D:/Users/Jon/Documents/Homework/141L/adder.v         ;
; next_pc_logic.v                                 ; yes             ; User Verilog HDL File              ; D:/Users/Jon/Documents/Homework/141L/next_pc_logic.v ;
; control.v                                       ; yes             ; User Verilog HDL File              ; D:/Users/Jon/Documents/Homework/141L/control.v       ;
; sign_extender.v                                 ; yes             ; User Verilog HDL File              ; D:/Users/Jon/Documents/Homework/141L/sign_extender.v ;
; instr_rom_2.v                                   ; yes             ; User Verilog HDL File              ; D:/Users/Jon/Documents/Homework/141L/instr_rom_2.v   ;
; mux2.v                                          ; yes             ; User Verilog HDL File              ; D:/Users/Jon/Documents/Homework/141L/mux2.v          ;
; mux4.v                                          ; yes             ; User Verilog HDL File              ; D:/Users/Jon/Documents/Homework/141L/mux4.v          ;
; processor_2.bdf                                 ; yes             ; User Block Diagram/Schematic File  ; D:/Users/Jon/Documents/Homework/141L/processor_2.bdf ;
; register_id.v                                   ; yes             ; User Verilog HDL File              ; D:/Users/Jon/Documents/Homework/141L/register_id.v   ;
; register_ex.v                                   ; yes             ; User Verilog HDL File              ; D:/Users/Jon/Documents/Homework/141L/register_ex.v   ;
; /users/jon/documents/homework/141l/initmem.list ; yes             ; Auto-Found Unspecified File        ; /users/jon/documents/homework/141l/initmem.list      ;
+-------------------------------------------------+-----------------+------------------------------------+------------------------------------------------------+


+-----------------------------------------------------+
; Analysis & Synthesis Resource Usage Summary         ;
+---------------------------------------------+-------+
; Resource                                    ; Usage ;
+---------------------------------------------+-------+
; Estimated Total logic elements              ; 7,688 ;
;                                             ;       ;
; Total combinational functions               ; 4064  ;
; Logic element usage by number of LUT inputs ;       ;
;     -- 4 input functions                    ; 2998  ;
;     -- 3 input functions                    ; 437   ;
;     -- <=2 input functions                  ; 629   ;
;                                             ;       ;
; Logic elements by mode                      ;       ;
;     -- normal mode                          ; 4004  ;
;     -- arithmetic mode                      ; 60    ;
;                                             ;       ;
; Total registers                             ; 4328  ;
;     -- Dedicated logic registers            ; 4328  ;
;     -- I/O registers                        ; 0     ;
;                                             ;       ;
; I/O pins                                    ; 4     ;
; Maximum fan-out node                        ; clock ;
; Maximum fan-out                             ; 4328  ;
; Total fan-out                               ; 26940 ;
; Average fan-out                             ; 3.21  ;
+---------------------------------------------+-------+


+--------------------------------------------------------------------------------------------------------------------------------------------------------------------------------------------------------+
; Analysis & Synthesis Resource Utilization by Entity                                                                                                                                                    ;
+----------------------------------+-------------------+--------------+-------------+--------------+---------+-----------+------+--------------+------------------------------------------+--------------+
; Compilation Hierarchy Node       ; LC Combinationals ; LC Registers ; Memory Bits ; DSP Elements ; DSP 9x9 ; DSP 18x18 ; Pins ; Virtual Pins ; Full Hierarchy Name                      ; Library Name ;
+----------------------------------+-------------------+--------------+-------------+--------------+---------+-----------+------+--------------+------------------------------------------+--------------+
; |processor_2                     ; 4064 (1)          ; 4328 (0)     ; 0           ; 0            ; 0       ; 0         ; 4    ; 0            ; |processor_2                             ;              ;
;    |ALU:inst2|                   ; 121 (121)         ; 0 (0)        ; 0           ; 0            ; 0       ; 0         ; 0    ; 0            ; |processor_2|ALU:inst2                   ;              ;
;    |adder:inst4|                 ; 16 (16)           ; 16 (16)      ; 0           ; 0            ; 0       ; 0         ; 0    ; 0            ; |processor_2|adder:inst4                 ;              ;
;    |control:control|             ; 1 (1)             ; 0 (0)        ; 0           ; 0            ; 0       ; 0         ; 0    ; 0            ; |processor_2|control:control             ;              ;
;    |data_ram:inst12|             ; 3604 (3604)       ; 4096 (4096)  ; 0           ; 0            ; 0       ; 0         ; 0    ; 0            ; |processor_2|data_ram:inst12             ;              ;
;    |instr_rom_2:inst6|           ; 99 (99)           ; 0 (0)        ; 0           ; 0            ; 0       ; 0         ; 0    ; 0            ; |processor_2|instr_rom_2:inst6           ;              ;
;    |mux2:inst7|                  ; 16 (16)           ; 0 (0)        ; 0           ; 0            ; 0       ; 0         ; 0    ; 0            ; |processor_2|mux2:inst7                  ;              ;
;    |mux2:inst8|                  ; 19 (19)           ; 0 (0)        ; 0           ; 0            ; 0       ; 0         ; 0    ; 0            ; |processor_2|mux2:inst8                  ;              ;
;    |mux4:mux4|                   ; 32 (32)           ; 0 (0)        ; 0           ; 0            ; 0       ; 0         ; 0    ; 0            ; |processor_2|mux4:mux4                   ;              ;
;    |next_pc_logic:inst3|         ; 16 (16)           ; 16 (16)      ; 0           ; 0            ; 0       ; 0         ; 0    ; 0            ; |processor_2|next_pc_logic:inst3         ;              ;
;    |register_ex:inst11|          ; 23 (23)           ; 38 (38)      ; 0           ; 0            ; 0       ; 0         ; 0    ; 0            ; |processor_2|register_ex:inst11          ;              ;
;    |register_file:register_file| ; 107 (107)         ; 144 (144)    ; 0           ; 0            ; 0       ; 0         ; 0    ; 0            ; |processor_2|register_file:register_file ;              ;
;    |register_id:inst9|           ; 9 (9)             ; 18 (18)      ; 0           ; 0            ; 0       ; 0         ; 0    ; 0            ; |processor_2|register_id:inst9           ;              ;
+----------------------------------+-------------------+--------------+-------------+--------------+---------+-----------+------+--------------+------------------------------------------+--------------+
Note: For table entries with two numbers listed, the numbers in parentheses indicate the number of resources of the given type used by the specific entity alone. The numbers listed outside of parentheses indicate the total resources of the given type used by the specific entity and all of its sub-entities in the hierarchy.


+-----------------------------------------------------------------------------------------------------------+
; User-Specified and Inferred Latches                                                                       ;
+-----------------------------------------------------+----------------------------+------------------------+
; Latch Name                                          ; Latch Enable Signal        ; Free of Timing Hazards ;
+-----------------------------------------------------+----------------------------+------------------------+
; ALU:inst2|out[0]                                    ; ALU:inst2|out[15]          ; yes                    ;
; ALU:inst2|out[1]                                    ; ALU:inst2|out[15]          ; yes                    ;
; ALU:inst2|out[2]                                    ; ALU:inst2|out[15]          ; yes                    ;
; ALU:inst2|out[3]                                    ; ALU:inst2|out[15]          ; yes                    ;
; ALU:inst2|out[4]                                    ; ALU:inst2|out[15]          ; yes                    ;
; ALU:inst2|out[5]                                    ; ALU:inst2|out[15]          ; yes                    ;
; ALU:inst2|out[6]                                    ; ALU:inst2|out[15]          ; yes                    ;
; ALU:inst2|out[7]                                    ; ALU:inst2|out[15]          ; yes                    ;
; ALU:inst2|out[8]                                    ; ALU:inst2|out[15]          ; yes                    ;
; ALU:inst2|out[9]                                    ; ALU:inst2|out[15]          ; yes                    ;
; ALU:inst2|out[10]                                   ; ALU:inst2|out[15]          ; yes                    ;
; ALU:inst2|out[11]                                   ; ALU:inst2|out[15]          ; yes                    ;
; ALU:inst2|out[12]                                   ; ALU:inst2|out[15]          ; yes                    ;
; ALU:inst2|out[13]                                   ; ALU:inst2|out[15]          ; yes                    ;
; ALU:inst2|out[14]                                   ; ALU:inst2|out[15]          ; yes                    ;
; ALU:inst2|out[15]                                   ; ALU:inst2|out[15]          ; yes                    ;
; instr_rom_2:inst6|instr_out[8]                      ; instr_rom_2:inst6|WideNor0 ; yes                    ;
; instr_rom_2:inst6|instr_out[2]                      ; instr_rom_2:inst6|WideNor0 ; yes                    ;
; instr_rom_2:inst6|instr_out[4]                      ; instr_rom_2:inst6|WideNor0 ; yes                    ;
; instr_rom_2:inst6|instr_out[5]                      ; instr_rom_2:inst6|WideNor0 ; yes                    ;
; instr_rom_2:inst6|instr_out[6]                      ; instr_rom_2:inst6|WideNor0 ; yes                    ;
; instr_rom_2:inst6|instr_out[7]                      ; instr_rom_2:inst6|WideNor0 ; yes                    ;
; instr_rom_2:inst6|instr_out[0]                      ; instr_rom_2:inst6|WideNor0 ; yes                    ;
; instr_rom_2:inst6|instr_out[3]                      ; instr_rom_2:inst6|WideNor0 ; yes                    ;
; instr_rom_2:inst6|instr_out[1]                      ; instr_rom_2:inst6|WideNor0 ; yes                    ;
; Number of user-specified and inferred latches = 25  ;                            ;                        ;
+-----------------------------------------------------+----------------------------+------------------------+
Note: All latches listed above may not be present at the end of synthesis due to various synthesis optimizations.


+-----------------------------------------------------------------------------------------+
; Registers Removed During Synthesis                                                      ;
+----------------------------------------+------------------------------------------------+
; Register name                          ; Reason for Removal                             ;
+----------------------------------------+------------------------------------------------+
; register_ex:inst11|extended[8..15]     ; Stuck at GND due to stuck port data_in         ;
; register_ex:inst11|out_extended[8..15] ; Stuck at GND due to stuck port data_in         ;
; register_id:inst9|opcode[3]            ; Merged with register_id:inst9|immediate[7]     ;
; register_id:inst9|opcode[2]            ; Merged with register_id:inst9|immediate[6]     ;
; register_id:inst9|opcode[1]            ; Merged with register_id:inst9|immediate[5]     ;
; register_id:inst9|opcode[0]            ; Merged with register_id:inst9|immediate[4]     ;
; register_id:inst9|sign                 ; Merged with register_id:inst9|immediate[3]     ;
; register_id:inst9|operand[2]           ; Merged with register_id:inst9|immediate[2]     ;
; register_id:inst9|operand[1]           ; Merged with register_id:inst9|immediate[1]     ;
; register_id:inst9|operand[0]           ; Merged with register_id:inst9|immediate[0]     ;
; register_id:inst9|out_opcode[3]        ; Merged with register_id:inst9|out_immediate[7] ;
; register_id:inst9|out_opcode[2]        ; Merged with register_id:inst9|out_immediate[6] ;
; register_id:inst9|out_opcode[1]        ; Merged with register_id:inst9|out_immediate[5] ;
; register_id:inst9|out_opcode[0]        ; Merged with register_id:inst9|out_immediate[4] ;
; register_id:inst9|out_sign             ; Merged with register_id:inst9|out_immediate[3] ;
; register_id:inst9|out_operand[2]       ; Merged with register_id:inst9|out_immediate[2] ;
; register_id:inst9|out_operand[1]       ; Merged with register_id:inst9|out_immediate[1] ;
; register_id:inst9|out_operand[0]       ; Merged with register_id:inst9|out_immediate[0] ;
; register_ex:inst11|out_sign            ; Merged with register_ex:inst11|out_extended[3] ;
; register_ex:inst11|out_operand[0]      ; Merged with register_ex:inst11|out_extended[0] ;
; register_ex:inst11|out_operand[1]      ; Merged with register_ex:inst11|out_extended[1] ;
; register_ex:inst11|out_operand[2]      ; Merged with register_ex:inst11|out_extended[2] ;
; register_ex:inst11|out_opcode[0]       ; Merged with register_ex:inst11|out_extended[4] ;
; register_ex:inst11|out_opcode[1]       ; Merged with register_ex:inst11|out_extended[5] ;
; register_ex:inst11|out_opcode[2]       ; Merged with register_ex:inst11|out_extended[6] ;
; register_ex:inst11|out_opcode[3]       ; Merged with register_ex:inst11|out_extended[7] ;
; register_ex:inst11|sign                ; Merged with register_ex:inst11|extended[3]     ;
; register_ex:inst11|opcode[0]           ; Merged with register_ex:inst11|extended[4]     ;
; register_ex:inst11|opcode[1]           ; Merged with register_ex:inst11|extended[5]     ;
; register_ex:inst11|opcode[2]           ; Merged with register_ex:inst11|extended[6]     ;
; register_ex:inst11|opcode[3]           ; Merged with register_ex:inst11|extended[7]     ;
; register_ex:inst11|operand[0]          ; Merged with register_ex:inst11|extended[0]     ;
; register_ex:inst11|operand[1]          ; Merged with register_ex:inst11|extended[1]     ;
; register_ex:inst11|operand[2]          ; Merged with register_ex:inst11|extended[2]     ;
; Total Number of Removed Registers = 48 ;                                                ;
+----------------------------------------+------------------------------------------------+


+------------------------------------------------------------------------------------------------------+
; Removed Registers Triggering Further Register Optimizations                                          ;
+---------------------------------+---------------------------+----------------------------------------+
; Register name                   ; Reason for Removal        ; Registers Removed due to This Register ;
+---------------------------------+---------------------------+----------------------------------------+
; register_ex:inst11|extended[8]  ; Stuck at GND              ; register_ex:inst11|out_extended[8]     ;
;                                 ; due to stuck port data_in ;                                        ;
; register_ex:inst11|extended[9]  ; Stuck at GND              ; register_ex:inst11|out_extended[9]     ;
;                                 ; due to stuck port data_in ;                                        ;
; register_ex:inst11|extended[10] ; Stuck at GND              ; register_ex:inst11|out_extended[10]    ;
;                                 ; due to stuck port data_in ;                                        ;
; register_ex:inst11|extended[11] ; Stuck at GND              ; register_ex:inst11|out_extended[11]    ;
;                                 ; due to stuck port data_in ;                                        ;
; register_ex:inst11|extended[12] ; Stuck at GND              ; register_ex:inst11|out_extended[12]    ;
;                                 ; due to stuck port data_in ;                                        ;
; register_ex:inst11|extended[13] ; Stuck at GND              ; register_ex:inst11|out_extended[13]    ;
;                                 ; due to stuck port data_in ;                                        ;
; register_ex:inst11|extended[14] ; Stuck at GND              ; register_ex:inst11|out_extended[14]    ;
;                                 ; due to stuck port data_in ;                                        ;
; register_ex:inst11|extended[15] ; Stuck at GND              ; register_ex:inst11|out_extended[15]    ;
;                                 ; due to stuck port data_in ;                                        ;
+---------------------------------+---------------------------+----------------------------------------+


+------------------------------------------------------+
; General Register Statistics                          ;
+----------------------------------------------+-------+
; Statistic                                    ; Value ;
+----------------------------------------------+-------+
; Total registers                              ; 4328  ;
; Number of registers using Synchronous Clear  ; 16    ;
; Number of registers using Synchronous Load   ; 32    ;
; Number of registers using Asynchronous Clear ; 0     ;
; Number of registers using Asynchronous Load  ; 0     ;
; Number of registers using Clock Enable       ; 4240  ;
; Number of registers using Preset             ; 0     ;
+----------------------------------------------+-------+


+-----------------------------------------------------------------------------------------------------------------------------------------------------------------------------------+
; Multiplexer Restructuring Statistics (Restructuring Performed)                                                                                                                    ;
+--------------------+-----------+---------------+----------------------+------------------------+-----------------------------------------------------+----------------------------+
; Multiplexer Inputs ; Bus Width ; Baseline Area ; Area if Restructured ; Saving if Restructured ; Registered                                          ; Example Multiplexer Output ;
+--------------------+-----------+---------------+----------------------+------------------------+-----------------------------------------------------+----------------------------+
; 3:1                ; 5 bits    ; 10 LEs        ; 10 LEs               ; 0 LEs                  ; |processor_2|register_ex:inst11|ctrl_memRead        ;                            ;
; 4:1                ; 16 bits   ; 32 LEs        ; 32 LEs               ; 0 LEs                  ; |processor_2|next_pc_logic:inst3|temp_out[3]        ;                            ;
; 3:1                ; 16 bits   ; 32 LEs        ; 16 LEs               ; 16 LEs                 ; |processor_2|register_file:register_file|res[15]    ;                            ;
; 4:1                ; 2 bits    ; 4 LEs         ; 2 LEs                ; 2 LEs                  ; |processor_2|register_ex:inst11|ctrl_cpin           ;                            ;
; 5:1                ; 16 bits   ; 48 LEs        ; 16 LEs               ; 32 LEs                 ; |processor_2|register_file:register_file|reg7[12]   ;                            ;
; 5:1                ; 16 bits   ; 48 LEs        ; 16 LEs               ; 32 LEs                 ; |processor_2|register_file:register_file|reg6[15]   ;                            ;
; 5:1                ; 16 bits   ; 48 LEs        ; 16 LEs               ; 32 LEs                 ; |processor_2|register_file:register_file|reg5[8]    ;                            ;
; 5:1                ; 16 bits   ; 48 LEs        ; 16 LEs               ; 32 LEs                 ; |processor_2|register_file:register_file|reg4[14]   ;                            ;
; 5:1                ; 16 bits   ; 48 LEs        ; 16 LEs               ; 32 LEs                 ; |processor_2|register_file:register_file|reg3[8]    ;                            ;
; 5:1                ; 16 bits   ; 48 LEs        ; 16 LEs               ; 32 LEs                 ; |processor_2|register_file:register_file|reg2[8]    ;                            ;
; 5:1                ; 16 bits   ; 48 LEs        ; 16 LEs               ; 32 LEs                 ; |processor_2|register_file:register_file|reg1[4]    ;                            ;
; 5:1                ; 16 bits   ; 48 LEs        ; 16 LEs               ; 32 LEs                 ; |processor_2|register_file:register_file|reg0[8]    ;                            ;
; 4:1                ; 8 bits    ; 16 LEs        ; 16 LEs               ; 0 LEs                  ; |processor_2|mux4:mux4|out[15]                      ;                            ;
; 4:1                ; 8 bits    ; 16 LEs        ; 16 LEs               ; 0 LEs                  ; |processor_2|mux4:mux4|out[7]                       ;                            ;
; 8:1                ; 16 bits   ; 80 LEs        ; 80 LEs               ; 0 LEs                  ; |processor_2|register_file:register_file|reg_val[8] ;                            ;
; 3:1                ; 15 bits   ; 30 LEs        ; 30 LEs               ; 0 LEs                  ; |processor_2|ALU:inst2|Mux12                        ;                            ;
+--------------------+-----------+---------------+----------------------+------------------------+-----------------------------------------------------+----------------------------+


+-------------------------------+
; Elapsed Time Per Partition    ;
+----------------+--------------+
; Partition Name ; Elapsed Time ;
+----------------+--------------+
; Top            ; 00:00:11     ;
+----------------+--------------+


+-------------------------------+
; Analysis & Synthesis Messages ;
+-------------------------------+
Info: *******************************************************************
Info: Running Quartus II Analysis & Synthesis
    Info: Version 11.0 Build 208 07/03/2011 Service Pack 1 SJ Web Edition
    Info: Processing started: Mon Mar 11 23:16:38 2013
Info: Command: quartus_map --read_settings_files=on --write_settings_files=off 141L -c 141L
Warning: Parallel compilation is not licensed and has been disabled
Info: Found 1 design units, including 1 entities, in source file cycle_counter.v
    Info: Found entity 1: cycle_counter
Info: Found 1 design units, including 1 entities, in source file processor.v
    Info: Found entity 1: processor
Info: Found 1 design units, including 1 entities, in source file data_ram.v
    Info: Found entity 1: data_ram
Info: Found 1 design units, including 1 entities, in source file register_file.v
    Info: Found entity 1: register_file
Info: Found 1 design units, including 1 entities, in source file alu.v
    Info: Found entity 1: ALU
Info: Found 1 design units, including 1 entities, in source file testbench/alu_test_bench.v
    Info: Found entity 1: ALU_TB
Info: Found 1 design units, including 1 entities, in source file adder.v
    Info: Found entity 1: adder
Info: Found 1 design units, including 1 entities, in source file next_pc_logic.v
    Info: Found entity 1: next_pc_logic
Info: Found 1 design units, including 1 entities, in source file pc.v
    Info: Found entity 1: pc
Info: Found 1 design units, including 1 entities, in source file fetch_unit.bdf
    Info: Found entity 1: fetch_unit
Warning (10274): Verilog HDL macro warning at control.v(11): overriding existing definition for macro "op_add", which was defined in "ALU.v", line 4
Warning (10274): Verilog HDL macro warning at control.v(15): overriding existing definition for macro "op_branch", which was defined in "ALU.v", line 7
Warning (10274): Verilog HDL macro warning at control.v(16): overriding existing definition for macro "op_epar", which was defined in "ALU.v", line 6
Info: Found 1 design units, including 1 entities, in source file control.v
    Info: Found entity 1: control
Info: Found 1 design units, including 1 entities, in source file sign_extender.v
    Info: Found entity 1: sign_extender
Info: Found 1 design units, including 1 entities, in source file instr_rom_1.v
    Info: Found entity 1: instr_rom_1
Info: Found 1 design units, including 1 entities, in source file instr_rom_2.v
    Info: Found entity 1: instr_rom_2
Info: Found 1 design units, including 1 entities, in source file instr_rom_3.v
    Info: Found entity 1: instr_rom_3
Info: Found 1 design units, including 1 entities, in source file testbench/program_runner_1.v
    Info: Found entity 1: program_runner_1
Info: Found 1 design units, including 1 entities, in source file mux2.v
    Info: Found entity 1: mux2
Info: Found 1 design units, including 1 entities, in source file mux4.v
    Info: Found entity 1: mux4
Info: Found 1 design units, including 1 entities, in source file testbench/program_runner_3.v
    Info: Found entity 1: program_runner_3
Info: Found 1 design units, including 1 entities, in source file processor_2.bdf
    Info: Found entity 1: processor_2
Info: Found 1 design units, including 1 entities, in source file testbench/program_runner_2.v
    Info: Found entity 1: program_runner_2
Info: Found 1 design units, including 1 entities, in source file register.v
    Info: Found entity 1: register_mem
Info: Found 1 design units, including 1 entities, in source file register_id.v
    Info: Found entity 1: register_id
Info: Found 1 design units, including 1 entities, in source file register_ex.v
    Info: Found entity 1: register_ex
Info: Found 1 design units, including 1 entities, in source file processor_1.bdf
    Info: Found entity 1: processor_1
Info: Found 1 design units, including 1 entities, in source file processor_3.bdf
    Info: Found entity 1: processor_3
Info: Elaborating entity "processor_2" for the top level hierarchy
Warning: Block or symbol "mux2" of instance "inst7" overlaps another block or symbol
Info: Elaborating entity "register_ex" for hierarchy "register_ex:inst11"
Info: Elaborating entity "control" for hierarchy "control:control"
Warning (10240): Verilog HDL Always Construct warning at control.v(48): inferring latch(es) for variable "halt", which holds its previous value in one or more paths through the always construct
Info (10041): Inferred latch for "halt" at control.v(48)
Info: Elaborating entity "register_id" for hierarchy "register_id:inst9"
Warning (10036): Verilog HDL or VHDL warning at register_id.v(26): object "counter" assigned a value but never read
Info: Elaborating entity "instr_rom_2" for hierarchy "instr_rom_2:inst6"
Warning (10270): Verilog HDL Case Statement warning at instr_rom_2.v(16): incomplete case statement has no default case item
Warning (10240): Verilog HDL Always Construct warning at instr_rom_2.v(14): inferring latch(es) for variable "instr_out", which holds its previous value in one or more paths through the always construct
Info (10041): Inferred latch for "instr_out[0]" at instr_rom_2.v(14)
Info (10041): Inferred latch for "instr_out[1]" at instr_rom_2.v(14)
Info (10041): Inferred latch for "instr_out[2]" at instr_rom_2.v(14)
Info (10041): Inferred latch for "instr_out[3]" at instr_rom_2.v(14)
Info (10041): Inferred latch for "instr_out[4]" at instr_rom_2.v(14)
Info (10041): Inferred latch for "instr_out[5]" at instr_rom_2.v(14)
Info (10041): Inferred latch for "instr_out[6]" at instr_rom_2.v(14)
Info (10041): Inferred latch for "instr_out[7]" at instr_rom_2.v(14)
Info (10041): Inferred latch for "instr_out[8]" at instr_rom_2.v(14)
Info: Elaborating entity "next_pc_logic" for hierarchy "next_pc_logic:inst3"
Info: Elaborating entity "mux2" for hierarchy "mux2:inst1"
Info: Elaborating entity "ALU" for hierarchy "ALU:inst2"
Warning (10235): Verilog HDL Always Construct warning at ALU.v(34): variable "eq" is read inside the Always Construct but isn't in the Always Construct's Event Control
Warning (10230): Verilog HDL assignment warning at ALU.v(45): truncated value with size 32 to match size of target (16)
Warning (10235): Verilog HDL Always Construct warning at ALU.v(52): variable "eq" is read inside the Always Construct but isn't in the Always Construct's Event Control
Warning (10235): Verilog HDL Always Construct warning at ALU.v(53): variable "ltgt" is read inside the Always Construct but isn't in the Always Construct's Event Control
Warning (10270): Verilog HDL Case Statement warning at ALU.v(53): incomplete case statement has no default case item
Warning (10235): Verilog HDL Always Construct warning at ALU.v(59): variable "ltgt" is read inside the Always Construct but isn't in the Always Construct's Event Control
Warning (10270): Verilog HDL Case Statement warning at ALU.v(59): incomplete case statement has no default case item
Warning (10270): Verilog HDL Case Statement warning at ALU.v(32): incomplete case statement has no default case item
Warning (10240): Verilog HDL Always Construct warning at ALU.v(27): inferring latch(es) for variable "x", which holds its previous value in one or more paths through the always construct
Warning (10240): Verilog HDL Always Construct warning at ALU.v(27): inferring latch(es) for variable "out", which holds its previous value in one or more paths through the always construct
Info (10041): Inferred latch for "out[0]" at ALU.v(30)
Info (10041): Inferred latch for "out[1]" at ALU.v(30)
Info (10041): Inferred latch for "out[2]" at ALU.v(30)
Info (10041): Inferred latch for "out[3]" at ALU.v(30)
Info (10041): Inferred latch for "out[4]" at ALU.v(30)
Info (10041): Inferred latch for "out[5]" at ALU.v(30)
Info (10041): Inferred latch for "out[6]" at ALU.v(30)
Info (10041): Inferred latch for "out[7]" at ALU.v(30)
Info (10041): Inferred latch for "out[8]" at ALU.v(30)
Info (10041): Inferred latch for "out[9]" at ALU.v(30)
Info (10041): Inferred latch for "out[10]" at ALU.v(30)
Info (10041): Inferred latch for "out[11]" at ALU.v(30)
Info (10041): Inferred latch for "out[12]" at ALU.v(30)
Info (10041): Inferred latch for "out[13]" at ALU.v(30)
Info (10041): Inferred latch for "out[14]" at ALU.v(30)
Info (10041): Inferred latch for "out[15]" at ALU.v(30)
Info: Elaborating entity "register_file" for hierarchy "register_file:register_file"
Info: Elaborating entity "mux4" for hierarchy "mux4:mux4"
Info: Elaborating entity "data_ram" for hierarchy "data_ram:inst12"
Info: Elaborating entity "adder" for hierarchy "adder:inst4"
Warning (10230): Verilog HDL assignment warning at adder.v(11): truncated value with size 32 to match size of target (16)
Info: Elaborating entity "sign_extender" for hierarchy "sign_extender:sign_extender"
Info: Elaborating entity "cycle_counter" for hierarchy "cycle_counter:inst"
Warning (10230): Verilog HDL assignment warning at cycle_counter.v(12): truncated value with size 32 to match size of target (24)
Warning: Tri-state node(s) do not directly drive top-level pin(s)
    Warning: Converted tri-state buffer "data_ram:inst12|DataOut[0]" feeding internal logic into a wire
    Warning: Converted tri-state buffer "data_ram:inst12|DataOut[1]" feeding internal logic into a wire
    Warning: Converted tri-state buffer "data_ram:inst12|DataOut[2]" feeding internal logic into a wire
    Warning: Converted tri-state buffer "data_ram:inst12|DataOut[3]" feeding internal logic into a wire
    Warning: Converted tri-state buffer "data_ram:inst12|DataOut[4]" feeding internal logic into a wire
    Warning: Converted tri-state buffer "data_ram:inst12|DataOut[5]" feeding internal logic into a wire
    Warning: Converted tri-state buffer "data_ram:inst12|DataOut[6]" feeding internal logic into a wire
    Warning: Converted tri-state buffer "data_ram:inst12|DataOut[7]" feeding internal logic into a wire
    Warning: Converted tri-state buffer "data_ram:inst12|DataOut[8]" feeding internal logic into a wire
    Warning: Converted tri-state buffer "data_ram:inst12|DataOut[9]" feeding internal logic into a wire
    Warning: Converted tri-state buffer "data_ram:inst12|DataOut[10]" feeding internal logic into a wire
    Warning: Converted tri-state buffer "data_ram:inst12|DataOut[11]" feeding internal logic into a wire
    Warning: Converted tri-state buffer "data_ram:inst12|DataOut[12]" feeding internal logic into a wire
    Warning: Converted tri-state buffer "data_ram:inst12|DataOut[13]" feeding internal logic into a wire
    Warning: Converted tri-state buffer "data_ram:inst12|DataOut[14]" feeding internal logic into a wire
    Warning: Converted tri-state buffer "data_ram:inst12|DataOut[15]" feeding internal logic into a wire
    Warning: Converted tri-state buffer "control:control|writeSrc[0]" feeding internal logic into a wire
    Warning: Converted tri-state buffer "control:control|writeSrc[1]" feeding internal logic into a wire
Info: Found 1 instances of uninferred RAM logic
    Info: RAM logic "data_ram:inst12|my_memory" is uninferred due to asynchronous read logic
Warning: Latch ALU:inst2|out[0] has unsafe behavior
    Warning: Ports D and ENA on the latch are fed by the same signal register_ex:inst11|out_extended[4]
Warning: Latch ALU:inst2|out[1] has unsafe behavior
    Warning: Ports D and ENA on the latch are fed by the same signal register_ex:inst11|out_extended[6]
Warning: Latch ALU:inst2|out[2] has unsafe behavior
    Warning: Ports D and ENA on the latch are fed by the same signal register_ex:inst11|out_extended[6]
Warning: Latch ALU:inst2|out[3] has unsafe behavior
    Warning: Ports D and ENA on the latch are fed by the same signal register_ex:inst11|out_extended[6]
Warning: Latch ALU:inst2|out[4] has unsafe behavior
    Warning: Ports D and ENA on the latch are fed by the same signal register_ex:inst11|out_extended[6]
Warning: Latch ALU:inst2|out[5] has unsafe behavior
    Warning: Ports D and ENA on the latch are fed by the same signal register_ex:inst11|out_extended[6]
Warning: Latch ALU:inst2|out[6] has unsafe behavior
    Warning: Ports D and ENA on the latch are fed by the same signal register_ex:inst11|out_extended[6]
Warning: Latch ALU:inst2|out[7] has unsafe behavior
    Warning: Ports D and ENA on the latch are fed by the same signal register_ex:inst11|out_extended[6]
Warning: Latch ALU:inst2|out[8] has unsafe behavior
    Warning: Ports D and ENA on the latch are fed by the same signal register_ex:inst11|out_extended[6]
Warning: Latch ALU:inst2|out[9] has unsafe behavior
    Warning: Ports D and ENA on the latch are fed by the same signal register_ex:inst11|out_extended[6]
Warning: Latch ALU:inst2|out[10] has unsafe behavior
    Warning: Ports D and ENA on the latch are fed by the same signal register_ex:inst11|out_extended[6]
Warning: Latch ALU:inst2|out[11] has unsafe behavior
    Warning: Ports D and ENA on the latch are fed by the same signal register_ex:inst11|out_extended[6]
Warning: Latch ALU:inst2|out[12] has unsafe behavior
    Warning: Ports D and ENA on the latch are fed by the same signal register_ex:inst11|out_extended[6]
Warning: Latch ALU:inst2|out[13] has unsafe behavior
    Warning: Ports D and ENA on the latch are fed by the same signal register_ex:inst11|out_extended[6]
Warning: Latch ALU:inst2|out[14] has unsafe behavior
    Warning: Ports D and ENA on the latch are fed by the same signal register_ex:inst11|out_extended[6]
Warning: Latch ALU:inst2|out[15] has unsafe behavior
    Warning: Ports D and ENA on the latch are fed by the same signal register_ex:inst11|out_extended[6]
Warning: Latch instr_rom_2:inst6|instr_out[8] has unsafe behavior
    Warning: Ports D and ENA on the latch are fed by the same signal next_pc_logic:inst3|temp_out[0]
Warning: Latch instr_rom_2:inst6|instr_out[2] has unsafe behavior
    Warning: Ports D and ENA on the latch are fed by the same signal next_pc_logic:inst3|temp_out[0]
Warning: Latch instr_rom_2:inst6|instr_out[4] has unsafe behavior
    Warning: Ports D and ENA on the latch are fed by the same signal next_pc_logic:inst3|temp_out[0]
Warning: Latch instr_rom_2:inst6|instr_out[5] has unsafe behavior
    Warning: Ports D and ENA on the latch are fed by the same signal next_pc_logic:inst3|temp_out[0]
Warning: Latch instr_rom_2:inst6|instr_out[6] has unsafe behavior
    Warning: Ports D and ENA on the latch are fed by the same signal next_pc_logic:inst3|temp_out[0]
Warning: Latch instr_rom_2:inst6|instr_out[7] has unsafe behavior
    Warning: Ports D and ENA on the latch are fed by the same signal next_pc_logic:inst3|temp_out[0]
Warning: Latch instr_rom_2:inst6|instr_out[0] has unsafe behavior
    Warning: Ports D and ENA on the latch are fed by the same signal next_pc_logic:inst3|temp_out[0]
Warning: Latch instr_rom_2:inst6|instr_out[3] has unsafe behavior
    Warning: Ports D and ENA on the latch are fed by the same signal next_pc_logic:inst3|temp_out[0]
Warning: Latch instr_rom_2:inst6|instr_out[1] has unsafe behavior
    Warning: Ports D and ENA on the latch are fed by the same signal next_pc_logic:inst3|temp_out[0]
Info: Generated suppressed messages file D:/Users/Jon/Documents/Homework/141L/output_files/141L.map.smsg
Info: Generating hard_block partition "hard_block:auto_generated_inst"
Warning: Design contains 1 input pin(s) that do not drive logic
    Warning (15610): No output dependent on input pin "restart"
Info: Implemented 7742 device resources after synthesis - the final resource count might be different
    Info: Implemented 3 input pins
    Info: Implemented 1 output pins
    Info: Implemented 7738 logic cells
Info: Quartus II Analysis & Synthesis was successful. 0 errors, 92 warnings
    Info: Peak virtual memory: 284 megabytes
    Info: Processing ended: Mon Mar 11 23:16:52 2013
    Info: Elapsed time: 00:00:14
    Info: Total CPU time (on all processors): 00:00:13


+------------------------------------------+
; Analysis & Synthesis Suppressed Messages ;
+------------------------------------------+
The suppressed messages can be found in D:/Users/Jon/Documents/Homework/141L/output_files/141L.map.smsg.


